// Generated from test.proto

include "imported.fbs";

namespace proto.test;

/// Enum doc comment.
enum ProtoEnum : int {
  NUL = 0,
  FOO = 1,
  /// Enum 2nd value doc comment misaligned.
  BAR = 5,
}

namespace proto.test.ProtoMessage_.OtherMessage_;

enum ProtoEnum : int {
  NUL = 0,
  FOO = 1,
  BAR = 2,
  BAZ = 3,
}

namespace proto.test.ProtoMessage_;

union RUnion {
  /// doc comment for s.
  proto.test.ImportedMessage (id: 17),
  /// doc comment for t on 2
  /// lines.
  proto.test.ProtoMessage_.OtherMessage (id: 18),
}

namespace proto.test;

/// 2nd table doc comment with
/// many lines.
table ProtoMessage {
  c:int = 16 (id: 12);
  d:long (id: 1);
  p:uint (id: 1);
  e:ulong (id: 2);
  /// doc comment for f.
  f:int = -1 (id: 3);
  g:long (id: 4);
  h:uint (id: 5);
  q:ulong (id: 6);
  i:int (id: 7);
  j:long (id: 8);
  /// doc comment for k.
  k:bool (id: 9);
  /// doc comment for l on 2
  /// lines
  l:string (required,id: 10);
  m:[ubyte] (id: 11);
  n:proto.test.ProtoMessage_.OtherMessage (id: 12);
  o:[string] (id: 14);
  z:proto.test.ImportedMessage (id: 16);
  /// doc comment for r.
  r:proto.test.ProtoMessage_.RUnion;
  outer_enum:proto.test.ProtoEnum (id: 33);
  u:float = +inf (id: 34);
  v:float = +inf (id: 35);
  w:float = -inf (id: 36);
  grades:[proto.test.ProtoMessage_.GradesEntry] (id: 37);
  other_message_map:[proto.test.ProtoMessage_.OtherMessageMapEntry] (id: 38);
}

namespace proto.test.ProtoMessage_;

table OtherMessage {
  a:double (id: 26);
  /// doc comment for b.
  b:float = 3.14149 (id: 32);
  foo_bar_baz:proto.test.ProtoMessage_.OtherMessage_.ProtoEnum (id: 33);
}

table GradesEntry {
  key:string (key);
  value:float;
}

table OtherMessageMapEntry {
  key:string (key);
  value:proto.test.ProtoMessage_.OtherMessage;
}

