// Generated from test.proto

namespace proto.test.test_namespace_suffix;

/// Enum doc comment.
enum ProtoEnum : int {
  NUL = 0,
  FOO = 1,
  /// Enum 2nd value doc comment misaligned.
  BAR = 5,
}

enum ProtoEnumNoZero : int {
  FOO = 1,
  BAR = 2,
}

table ImportedMessage {
  a:int;
}

/// 2nd table doc comment with
/// many lines.
table ProtoMessage {
  c:int = 16;
  d:long;
  p:uint;
  e:ulong;
  /// doc comment for f.
  f:int = -1;
  g:long;
  h:uint;
  q:ulong;
  i:int;
  j:long;
  /// doc comment for k.
  k:bool;
  /// doc comment for l on 2
  /// lines
  l:string (required);
  m:[ubyte];
  n:proto.test.test_namespace_suffix.ProtoMessage_.OtherMessage;
  o:[string];
  z:proto.test.test_namespace_suffix.ImportedMessage;
  /// doc comment for r.
  r:proto.test.test_namespace_suffix.ProtoMessage_.Anonymous0;
  enum_field:proto.test.test_namespace_suffix.ProtoEnum;
  enum_field_with_default:proto.test.test_namespace_suffix.ProtoEnum = BAR;
  enum_field_no_zero:proto.test.test_namespace_suffix.ProtoEnumNoZero = FOO;
  enum_field_with_default_no_zero:proto.test.test_namespace_suffix.ProtoEnumNoZero = BAR;
}

namespace proto.test.test_namespace_suffix.ProtoMessage_;

table OtherMessage {
  a:double;
  /// doc comment for b.
  b:float = 3.14149;
}

table Anonymous0 {
  /// doc comment for s.
  s:proto.test.test_namespace_suffix.ImportedMessage;
  /// doc comment for t on 2
  /// lines.
  t:proto.test.test_namespace_suffix.ProtoMessage_.OtherMessage;
}

